// Jest Snapshot v1, https://goo.gl/fbAQLP

exports[`CountStepper renders 1`] = `
<div
  class="mb3"
>
  <label
    class="f4 f3-ns lh-copy dark-blue"
    for="foo"
  >
    Count:
  </label>
</div>
`;
